../Core/Src/main.c:76:5:main	8	static
../Core/Src/main.c:130:6:SystemClock_Config	72	static
../Core/Src/main.c:167:13:MX_USART1_UART_Init	8	static
../Core/Src/main.c:200:13:MX_USART2_UART_Init	8	static
../Core/Src/main.c:233:13:MX_GPIO_Init	32	static
../Core/Src/main.c:262:5:__io_putchar	16	static
../Core/Src/main.c:275:12:UART_Write_Loop	24	static
../Core/Src/main.c:320:26:write_data_to_flash_app	56	static
../Core/Src/main.c:392:13:Firmware_Update	1048	static
../Core/Src/main.c:489:13:goto_application	16	static,ignoring_inline_asm
../Core/Src/main.c:515:6:Error_Handler	4	static,ignoring_inline_asm
